2026-05-23 17:48:36,814 | INFO | Scraper started | output=output/validation_limit1.xlsx | limit=1 | checkpoint=/home/anass/Téléchargements/capturesMiseAjour/scrap_avibase_oiseau/checkpoints/progress.json
2026-05-23 17:48:36,815 | INFO | [1/5] Fetching Morocco checklist...
2026-05-23 17:48:38,990 | INFO | [2/5] Species found=1 | already processed=0 | remaining=1
2026-05-23 17:48:38,991 | INFO | Checkpoint saved to /home/anass/Téléchargements/capturesMiseAjour/scrap_avibase_oiseau/checkpoints/progress.json | processed=0 | completed=False
2026-05-23 17:48:38,991 | INFO | [3/5] Building Oiseaux.net index...
2026-05-23 17:48:38,991 | INFO | [Oiseaux.net] Discovering family pages...
2026-05-23 17:48:39,366 | INFO | [Oiseaux.net] Family pages discovered: 256
2026-05-23 17:48:39,366 | INFO | [Oiseaux.net] Family 1/256: https://www.oiseaux.net/oiseaux/struthionides.html
2026-05-23 17:48:40,148 | INFO | [Oiseaux.net] Family 2/256: https://www.oiseaux.net/oiseaux/rheides.html
2026-05-23 17:48:40,932 | INFO | [Oiseaux.net] Family 3/256: https://www.oiseaux.net/oiseaux/apterygides.html
2026-05-23 17:48:41,715 | INFO | [Oiseaux.net] Family 4/256: https://www.oiseaux.net/oiseaux/casuariides.html
2026-05-23 17:48:42,502 | INFO | [Oiseaux.net] Family 5/256: https://www.oiseaux.net/oiseaux/tinamides.html
2026-05-23 17:48:43,307 | INFO | [Oiseaux.net] Family 6/256: https://www.oiseaux.net/oiseaux/anhimides.html
2026-05-23 17:48:44,093 | INFO | [Oiseaux.net] Family 7/256: https://www.oiseaux.net/oiseaux/anseranatides.html
2026-05-23 17:48:44,893 | INFO | [Oiseaux.net] Family 8/256: https://www.oiseaux.net/oiseaux/anatides.html
2026-05-23 17:48:45,798 | INFO | [Oiseaux.net] Family 9/256: https://www.oiseaux.net/oiseaux/megapodiides.html
2026-05-23 17:48:46,588 | INFO | [Oiseaux.net] Family 10/256: https://www.oiseaux.net/oiseaux/cracides.html
2026-05-23 17:48:47,412 | INFO | [Oiseaux.net] Family 11/256: https://www.oiseaux.net/oiseaux/numidides.html
2026-05-23 17:48:48,212 | INFO | [Oiseaux.net] Family 12/256: https://www.oiseaux.net/oiseaux/odontophorides.html
2026-05-23 17:48:49,024 | INFO | [Oiseaux.net] Family 13/256: https://www.oiseaux.net/oiseaux/phasianides.html
2026-05-23 17:48:49,920 | INFO | [Oiseaux.net] Family 14/256: https://www.oiseaux.net/oiseaux/caprimulgides.html
2026-05-23 17:48:50,732 | INFO | [Oiseaux.net] Family 15/256: https://www.oiseaux.net/oiseaux/steatornithides.html
2026-05-23 17:48:51,517 | INFO | [Oiseaux.net] Family 16/256: https://www.oiseaux.net/oiseaux/nyctibiides.html
2026-05-23 17:48:52,305 | INFO | [Oiseaux.net] Family 17/256: https://www.oiseaux.net/oiseaux/podargides.html
2026-05-23 17:48:53,107 | INFO | [Oiseaux.net] Family 18/256: https://www.oiseaux.net/oiseaux/aegothelides.html
2026-05-23 17:48:53,908 | INFO | [Oiseaux.net] Family 19/256: https://www.oiseaux.net/oiseaux/hemiprocnides.html
2026-05-23 17:48:54,704 | INFO | [Oiseaux.net] Family 20/256: https://www.oiseaux.net/oiseaux/apodides.html
2026-05-23 17:48:55,537 | INFO | [Oiseaux.net] Family 21/256: https://www.oiseaux.net/oiseaux/trochilides.html
2026-05-23 17:48:56,505 | INFO | [Oiseaux.net] Family 22/256: https://www.oiseaux.net/oiseaux/musophagides.html
2026-05-23 17:48:57,339 | INFO | [Oiseaux.net] Family 23/256: https://www.oiseaux.net/oiseaux/otidides.html
2026-05-23 17:48:58,142 | INFO | [Oiseaux.net] Family 24/256: https://www.oiseaux.net/oiseaux/cuculides.html
2026-05-23 17:48:58,992 | INFO | [Oiseaux.net] Family 25/256: https://www.oiseaux.net/oiseaux/mesitornithides.html
2026-05-23 17:48:59,766 | INFO | [Oiseaux.net] Family 26/256: https://www.oiseaux.net/oiseaux/pteroclides.html
2026-05-23 17:49:00,574 | INFO | [Oiseaux.net] Family 27/256: https://www.oiseaux.net/oiseaux/columbides.html
2026-05-23 17:49:01,529 | INFO | [Oiseaux.net] Family 28/256: https://www.oiseaux.net/oiseaux/heliornithides.html
2026-05-23 17:49:02,303 | INFO | [Oiseaux.net] Family 29/256: https://www.oiseaux.net/oiseaux/sarothrurides.html
2026-05-23 17:49:03,109 | INFO | [Oiseaux.net] Family 30/256: https://www.oiseaux.net/oiseaux/rallides.html
2026-05-23 17:49:03,953 | INFO | [Oiseaux.net] Family 31/256: https://www.oiseaux.net/oiseaux/psophiides.html
2026-05-23 17:49:04,735 | INFO | [Oiseaux.net] Family 32/256: https://www.oiseaux.net/oiseaux/gruides.html
2026-05-23 17:49:05,513 | INFO | [Oiseaux.net] Family 33/256: https://www.oiseaux.net/oiseaux/aramides.html
2026-05-23 17:49:06,306 | INFO | [Oiseaux.net] Family 34/256: https://www.oiseaux.net/oiseaux/podicipedides.html
2026-05-23 17:49:07,111 | INFO | [Oiseaux.net] Family 35/256: https://www.oiseaux.net/oiseaux/phoenicopterides.html
2026-05-23 17:49:07,900 | INFO | [Oiseaux.net] Family 36/256: https://www.oiseaux.net/oiseaux/turnicides.html
2026-05-23 17:49:08,687 | INFO | [Oiseaux.net] Family 37/256: https://www.oiseaux.net/oiseaux/burhinides.html
2026-05-23 17:49:09,482 | INFO | [Oiseaux.net] Family 38/256: https://www.oiseaux.net/oiseaux/pluvianellides.html
2026-05-23 17:49:10,259 | INFO | [Oiseaux.net] Family 39/256: https://www.oiseaux.net/oiseaux/chionides.html
2026-05-23 17:49:11,045 | INFO | [Oiseaux.net] Family 40/256: https://www.oiseaux.net/oiseaux/haematopodides.html
2026-05-23 17:49:11,838 | INFO | [Oiseaux.net] Family 41/256: https://www.oiseaux.net/oiseaux/ibidorhynchides.html
2026-05-23 17:49:12,616 | INFO | [Oiseaux.net] Family 42/256: https://www.oiseaux.net/oiseaux/recurvirostrides.html
2026-05-23 17:49:13,399 | INFO | [Oiseaux.net] Family 43/256: https://www.oiseaux.net/oiseaux/charadriides.html
2026-05-23 17:49:14,207 | INFO | [Oiseaux.net] Family 44/256: https://www.oiseaux.net/oiseaux/pluvianides.html
2026-05-23 17:49:15,010 | INFO | [Oiseaux.net] Family 45/256: https://www.oiseaux.net/oiseaux/rostratulides.html
2026-05-23 17:49:15,811 | INFO | [Oiseaux.net] Family 46/256: https://www.oiseaux.net/oiseaux/jacanides.html
2026-05-23 17:49:16,614 | INFO | [Oiseaux.net] Family 47/256: https://www.oiseaux.net/oiseaux/pedionomides.html
2026-05-23 17:49:17,410 | INFO | [Oiseaux.net] Family 48/256: https://www.oiseaux.net/oiseaux/thinocorides.html
2026-05-23 17:49:18,211 | INFO | [Oiseaux.net] Family 49/256: https://www.oiseaux.net/oiseaux/scolopacides.html
2026-05-23 17:49:19,107 | INFO | [Oiseaux.net] Family 50/256: https://www.oiseaux.net/oiseaux/dromadides.html
2026-05-23 17:49:19,884 | INFO | [Oiseaux.net] Family 51/256: https://www.oiseaux.net/oiseaux/glareolides.html
2026-05-23 17:49:20,686 | INFO | [Oiseaux.net] Family 52/256: https://www.oiseaux.net/oiseaux/larides.html
2026-05-23 17:49:21,517 | INFO | [Oiseaux.net] Family 53/256: https://www.oiseaux.net/oiseaux/stercorariides.html
2026-05-23 17:49:22,320 | INFO | [Oiseaux.net] Family 54/256: https://www.oiseaux.net/oiseaux/alcides.html
2026-05-23 17:49:23,117 | INFO | [Oiseaux.net] Family 55/256: https://www.oiseaux.net/oiseaux/rhynochetides.html
2026-05-23 17:49:23,896 | INFO | [Oiseaux.net] Family 56/256: https://www.oiseaux.net/oiseaux/eurypygides.html
2026-05-23 17:49:24,686 | INFO | [Oiseaux.net] Family 57/256: https://www.oiseaux.net/oiseaux/phaethontides.html
2026-05-23 17:49:25,486 | INFO | [Oiseaux.net] Family 58/256: https://www.oiseaux.net/oiseaux/gaviides.html
2026-05-23 17:49:26,285 | INFO | [Oiseaux.net] Family 59/256: https://www.oiseaux.net/oiseaux/spheniscides.html
2026-05-23 17:49:27,098 | INFO | [Oiseaux.net] Family 60/256: https://www.oiseaux.net/oiseaux/oceanitides.html
2026-05-23 17:49:27,909 | INFO | [Oiseaux.net] Family 61/256: https://www.oiseaux.net/oiseaux/diomedeides.html
2026-05-23 17:49:28,718 | INFO | [Oiseaux.net] Family 62/256: https://www.oiseaux.net/oiseaux/hydrobatides.html
2026-05-23 17:49:29,521 | INFO | [Oiseaux.net] Family 63/256: https://www.oiseaux.net/oiseaux/procellariides.html
2026-05-23 17:49:30,359 | INFO | [Oiseaux.net] Family 64/256: https://www.oiseaux.net/oiseaux/ciconiides.html
2026-05-23 17:49:31,168 | INFO | [Oiseaux.net] Family 65/256: https://www.oiseaux.net/oiseaux/fregatides.html
2026-05-23 17:49:31,969 | INFO | [Oiseaux.net] Family 66/256: https://www.oiseaux.net/oiseaux/sulides.html
2026-05-23 17:49:32,772 | INFO | [Oiseaux.net] Family 67/256: https://www.oiseaux.net/oiseaux/anhingides.html
2026-05-23 17:49:33,552 | INFO | [Oiseaux.net] Family 68/256: https://www.oiseaux.net/oiseaux/phalacrocoracides.html
2026-05-23 17:49:34,367 | INFO | [Oiseaux.net] Family 69/256: https://www.oiseaux.net/oiseaux/threskiornithides.html
2026-05-23 17:49:35,182 | INFO | [Oiseaux.net] Family 70/256: https://www.oiseaux.net/oiseaux/ardeides.html
2026-05-23 17:49:36,008 | INFO | [Oiseaux.net] Family 71/256: https://www.oiseaux.net/oiseaux/scopides.html
2026-05-23 17:49:36,801 | INFO | [Oiseaux.net] Family 72/256: https://www.oiseaux.net/oiseaux/balaenicipitides.html
2026-05-23 17:49:37,591 | INFO | [Oiseaux.net] Family 73/256: https://www.oiseaux.net/oiseaux/pelecanides.html
2026-05-23 17:49:38,387 | INFO | [Oiseaux.net] Family 74/256: https://www.oiseaux.net/oiseaux/opisthocomides.html
2026-05-23 17:49:39,182 | INFO | [Oiseaux.net] Family 75/256: https://www.oiseaux.net/oiseaux/cathartides.html
2026-05-23 17:49:39,977 | INFO | [Oiseaux.net] Family 76/256: https://www.oiseaux.net/oiseaux/sagittariides.html
2026-05-23 17:49:40,748 | INFO | [Oiseaux.net] Family 77/256: https://www.oiseaux.net/oiseaux/pandionides.html
2026-05-23 17:49:41,540 | INFO | [Oiseaux.net] Family 78/256: https://www.oiseaux.net/oiseaux/accipitrides.html
2026-05-23 17:49:42,501 | INFO | [Oiseaux.net] Family 79/256: https://www.oiseaux.net/oiseaux/tytonides.html
2026-05-23 17:49:43,283 | INFO | [Oiseaux.net] Family 80/256: https://www.oiseaux.net/oiseaux/strigides.html
2026-05-23 17:49:44,209 | INFO | [Oiseaux.net] Family 81/256: https://www.oiseaux.net/oiseaux/coliides.html
2026-05-23 17:49:44,983 | INFO | [Oiseaux.net] Family 82/256: https://www.oiseaux.net/oiseaux/leptosomides.html
2026-05-23 17:49:45,776 | INFO | [Oiseaux.net] Family 83/256: https://www.oiseaux.net/oiseaux/trogonides.html
2026-05-23 17:49:46,588 | INFO | [Oiseaux.net] Family 84/256: https://www.oiseaux.net/oiseaux/upupides.html
2026-05-23 17:49:47,382 | INFO | [Oiseaux.net] Family 85/256: https://www.oiseaux.net/oiseaux/phoeniculides.html
2026-05-23 17:49:48,183 | INFO | [Oiseaux.net] Family 86/256: https://www.oiseaux.net/oiseaux/bucorvides.html
2026-05-23 17:49:48,979 | INFO | [Oiseaux.net] Family 87/256: https://www.oiseaux.net/oiseaux/bucerotides.html
2026-05-23 17:49:49,799 | INFO | [Oiseaux.net] Family 88/256: https://www.oiseaux.net/oiseaux/coraciides.html
2026-05-23 17:49:50,601 | INFO | [Oiseaux.net] Family 89/256: https://www.oiseaux.net/oiseaux/brachypteraciides.html
2026-05-23 17:49:51,396 | INFO | [Oiseaux.net] Family 90/256: https://www.oiseaux.net/oiseaux/alcedinides.html
2026-05-23 17:49:52,231 | INFO | [Oiseaux.net] Family 91/256: https://www.oiseaux.net/oiseaux/todides.html
2026-05-23 17:49:53,025 | INFO | [Oiseaux.net] Family 92/256: https://www.oiseaux.net/oiseaux/momotides.html
2026-05-23 17:49:53,827 | INFO | [Oiseaux.net] Family 93/256: https://www.oiseaux.net/oiseaux/meropides.html
2026-05-23 17:49:54,632 | INFO | [Oiseaux.net] Family 94/256: https://www.oiseaux.net/oiseaux/galbulides.html
2026-05-23 17:49:55,433 | INFO | [Oiseaux.net] Family 95/256: https://www.oiseaux.net/oiseaux/bucconides.html
2026-05-23 17:49:56,242 | INFO | [Oiseaux.net] Family 96/256: https://www.oiseaux.net/oiseaux/capitonides.html
2026-05-23 17:49:57,036 | INFO | [Oiseaux.net] Family 97/256: https://www.oiseaux.net/oiseaux/semnornithides.html
2026-05-23 17:49:57,827 | INFO | [Oiseaux.net] Family 98/256: https://www.oiseaux.net/oiseaux/ramphastides.html
2026-05-23 17:49:58,629 | INFO | [Oiseaux.net] Family 99/256: https://www.oiseaux.net/oiseaux/megalaimides.html
2026-05-23 17:49:59,416 | INFO | [Oiseaux.net] Family 100/256: https://www.oiseaux.net/oiseaux/lybiides.html
2026-05-23 17:50:00,223 | INFO | [Oiseaux.net] Family 101/256: https://www.oiseaux.net/oiseaux/indicatorides.html
2026-05-23 17:50:01,146 | INFO | [Oiseaux.net] Family 102/256: https://www.oiseaux.net/oiseaux/picides.html
2026-05-23 17:50:02,049 | INFO | [Oiseaux.net] Family 103/256: https://www.oiseaux.net/oiseaux/cariamides.html
2026-05-23 17:50:02,826 | INFO | [Oiseaux.net] Family 104/256: https://www.oiseaux.net/oiseaux/falconides.html
2026-05-23 17:50:03,645 | INFO | [Oiseaux.net] Family 105/256: https://www.oiseaux.net/oiseaux/strigopides.html
2026-05-23 17:50:04,474 | INFO | [Oiseaux.net] Family 106/256: https://www.oiseaux.net/oiseaux/cacatuides.html
2026-05-23 17:50:05,262 | INFO | [Oiseaux.net] Family 107/256: https://www.oiseaux.net/oiseaux/psittacides.html
2026-05-23 17:50:06,112 | INFO | [Oiseaux.net] Family 108/256: https://www.oiseaux.net/oiseaux/psittaculides.html
2026-05-23 17:50:07,016 | INFO | [Oiseaux.net] Family 109/256: https://www.oiseaux.net/oiseaux/acanthisittides.html
2026-05-23 17:50:07,805 | INFO | [Oiseaux.net] Family 110/256: https://www.oiseaux.net/oiseaux/sapayoides.html
2026-05-23 17:50:08,618 | INFO | [Oiseaux.net] Family 111/256: https://www.oiseaux.net/oiseaux/philepittides.html
2026-05-23 17:50:09,429 | INFO | [Oiseaux.net] Family 112/256: https://www.oiseaux.net/oiseaux/eurylaimides.html
2026-05-23 17:50:10,243 | INFO | [Oiseaux.net] Family 113/256: https://www.oiseaux.net/oiseaux/calyptomenides.html
2026-05-23 17:50:11,052 | INFO | [Oiseaux.net] Family 114/256: https://www.oiseaux.net/oiseaux/pittides.html
2026-05-23 17:50:11,872 | INFO | [Oiseaux.net] Family 115/256: https://www.oiseaux.net/oiseaux/furnariides.html
2026-05-23 17:50:12,830 | INFO | [Oiseaux.net] Family 116/256: https://www.oiseaux.net/oiseaux/thamnophilides.html
2026-05-23 17:50:13,762 | INFO | [Oiseaux.net] Family 117/256: https://www.oiseaux.net/oiseaux/formicariides.html
2026-05-23 17:50:14,556 | INFO | [Oiseaux.net] Family 118/256: https://www.oiseaux.net/oiseaux/grallariides.html
2026-05-23 17:50:15,392 | INFO | [Oiseaux.net] Family 119/256: https://www.oiseaux.net/oiseaux/conopophagides.html
2026-05-23 17:50:16,205 | INFO | [Oiseaux.net] Family 120/256: https://www.oiseaux.net/oiseaux/rhinocryptides.html
2026-05-23 17:50:17,018 | INFO | [Oiseaux.net] Family 121/256: https://www.oiseaux.net/oiseaux/melanopareiides.html
2026-05-23 17:50:17,830 | INFO | [Oiseaux.net] Family 122/256: https://www.oiseaux.net/oiseaux/tyrannides.html
2026-05-23 17:50:18,881 | INFO | [Oiseaux.net] Family 123/256: https://www.oiseaux.net/oiseaux/cotingides.html
2026-05-23 17:50:19,697 | INFO | [Oiseaux.net] Family 124/256: https://www.oiseaux.net/oiseaux/piprides.html
2026-05-23 17:50:20,531 | INFO | [Oiseaux.net] Family 125/256: https://www.oiseaux.net/oiseaux/tityrides.html
2026-05-23 17:50:21,337 | INFO | [Oiseaux.net] Family 126/256: https://www.oiseaux.net/oiseaux/oxyruncides.html
2026-05-23 17:50:22,154 | INFO | [Oiseaux.net] Family 127/256: https://www.oiseaux.net/oiseaux/onychorhynchides.html
2026-05-23 17:50:22,972 | INFO | [Oiseaux.net] Family 128/256: https://www.oiseaux.net/oiseaux/menurides.html
2026-05-23 17:50:23,784 | INFO | [Oiseaux.net] Family 129/256: https://www.oiseaux.net/oiseaux/atrichornithides.html
2026-05-23 17:50:24,601 | INFO | [Oiseaux.net] Family 130/256: https://www.oiseaux.net/oiseaux/ptilonorhynchides.html
2026-05-23 17:50:25,425 | INFO | [Oiseaux.net] Family 131/256: https://www.oiseaux.net/oiseaux/climacterides.html
2026-05-23 17:50:26,245 | INFO | [Oiseaux.net] Family 132/256: https://www.oiseaux.net/oiseaux/malurides.html
2026-05-23 17:50:27,077 | INFO | [Oiseaux.net] Family 133/256: https://www.oiseaux.net/oiseaux/meliphagides.html
2026-05-23 17:50:28,040 | INFO | [Oiseaux.net] Family 134/256: https://www.oiseaux.net/oiseaux/dasyornithides.html
2026-05-23 17:50:28,836 | INFO | [Oiseaux.net] Family 135/256: https://www.oiseaux.net/oiseaux/pardalotides.html
2026-05-23 17:50:29,659 | INFO | [Oiseaux.net] Family 136/256: https://www.oiseaux.net/oiseaux/acanthizides.html
2026-05-23 17:50:30,497 | INFO | [Oiseaux.net] Family 137/256: https://www.oiseaux.net/oiseaux/pomatostomides.html
2026-05-23 17:50:31,293 | INFO | [Oiseaux.net] Family 138/256: https://www.oiseaux.net/oiseaux/orthonychides.html
2026-05-23 17:50:32,108 | INFO | [Oiseaux.net] Family 139/256: https://www.oiseaux.net/oiseaux/cnemophilides.html
2026-05-23 17:50:32,923 | INFO | [Oiseaux.net] Family 140/256: https://www.oiseaux.net/oiseaux/melanocharitides.html
2026-05-23 17:50:33,784 | INFO | [Oiseaux.net] Family 141/256: https://www.oiseaux.net/oiseaux/paramythiides.html
2026-05-23 17:50:34,615 | INFO | [Oiseaux.net] Family 142/256: https://www.oiseaux.net/oiseaux/callaeides.html
2026-05-23 17:50:35,477 | INFO | [Oiseaux.net] Family 143/256: https://www.oiseaux.net/oiseaux/notiomystides.html
2026-05-23 17:50:36,288 | INFO | [Oiseaux.net] Family 144/256: https://www.oiseaux.net/oiseaux/psophodides.html
2026-05-23 17:50:37,104 | INFO | [Oiseaux.net] Family 145/256: https://www.oiseaux.net/oiseaux/cinclosomatides.html
2026-05-23 17:50:37,918 | INFO | [Oiseaux.net] Family 146/256: https://www.oiseaux.net/oiseaux/platysteirides.html
2026-05-23 17:50:38,740 | INFO | [Oiseaux.net] Family 147/256: https://www.oiseaux.net/oiseaux/malaconotides.html
2026-05-23 17:50:39,574 | INFO | [Oiseaux.net] Family 148/256: https://www.oiseaux.net/oiseaux/macherirhynchides.html
2026-05-23 17:50:40,392 | INFO | [Oiseaux.net] Family 149/256: https://www.oiseaux.net/oiseaux/vangides.html
2026-05-23 17:50:41,216 | INFO | [Oiseaux.net] Family 150/256: https://www.oiseaux.net/oiseaux/pityriasides.html
2026-05-23 17:50:42,008 | INFO | [Oiseaux.net] Family 151/256: https://www.oiseaux.net/oiseaux/artamides.html
2026-05-23 17:50:42,830 | INFO | [Oiseaux.net] Family 152/256: https://www.oiseaux.net/oiseaux/rhagologides.html
2026-05-23 17:50:43,645 | INFO | [Oiseaux.net] Family 153/256: https://www.oiseaux.net/oiseaux/aegithinides.html
2026-05-23 17:50:44,464 | INFO | [Oiseaux.net] Family 154/256: https://www.oiseaux.net/oiseaux/campephagides.html
2026-05-23 17:50:45,315 | INFO | [Oiseaux.net] Family 155/256: https://www.oiseaux.net/oiseaux/mohouides.html
2026-05-23 17:50:46,110 | INFO | [Oiseaux.net] Family 156/256: https://www.oiseaux.net/oiseaux/neosittides.html
2026-05-23 17:50:46,926 | INFO | [Oiseaux.net] Family 157/256: https://www.oiseaux.net/oiseaux/eulacestomatides.html
2026-05-23 17:50:47,738 | INFO | [Oiseaux.net] Family 158/256: https://www.oiseaux.net/oiseaux/oreoicides.html
2026-05-23 17:50:48,549 | INFO | [Oiseaux.net] Family 159/256: https://www.oiseaux.net/oiseaux/falcunculides.html
2026-05-23 17:50:49,364 | INFO | [Oiseaux.net] Family 160/256: https://www.oiseaux.net/oiseaux/pachycephalides.html
2026-05-23 17:50:50,205 | INFO | [Oiseaux.net] Family 161/256: https://www.oiseaux.net/oiseaux/vireonides.html
2026-05-23 17:50:51,062 | INFO | [Oiseaux.net] Family 162/256: https://www.oiseaux.net/oiseaux/oriolides.html
2026-05-23 17:50:51,872 | INFO | [Oiseaux.net] Family 163/256: https://www.oiseaux.net/oiseaux/dicrurides.html
2026-05-23 17:50:52,695 | INFO | [Oiseaux.net] Family 164/256: https://www.oiseaux.net/oiseaux/rhipidurides.html
2026-05-23 17:50:53,528 | INFO | [Oiseaux.net] Family 165/256: https://www.oiseaux.net/oiseaux/monarchides.html
2026-05-23 17:50:54,370 | INFO | [Oiseaux.net] Family 166/256: https://www.oiseaux.net/oiseaux/platylophides.html
2026-05-23 17:50:55,181 | INFO | [Oiseaux.net] Family 167/256: https://www.oiseaux.net/oiseaux/laniides.html
2026-05-23 17:50:56,003 | INFO | [Oiseaux.net] Family 168/256: https://www.oiseaux.net/oiseaux/corvides.html
2026-05-23 17:50:56,913 | INFO | [Oiseaux.net] Family 169/256: https://www.oiseaux.net/oiseaux/corcoracides.html
2026-05-23 17:50:57,702 | INFO | [Oiseaux.net] Family 170/256: https://www.oiseaux.net/oiseaux/melampittides.html
2026-05-23 17:50:58,501 | INFO | [Oiseaux.net] Family 171/256: https://www.oiseaux.net/oiseaux/ifritides.html
2026-05-23 17:50:59,306 | INFO | [Oiseaux.net] Family 172/256: https://www.oiseaux.net/oiseaux/paradisaeides.html
2026-05-23 17:51:00,142 | INFO | [Oiseaux.net] Family 173/256: https://www.oiseaux.net/oiseaux/petroicides.html
2026-05-23 17:51:00,954 | INFO | [Oiseaux.net] Family 174/256: https://www.oiseaux.net/oiseaux/picathartides.html
2026-05-23 17:51:01,746 | INFO | [Oiseaux.net] Family 175/256: https://www.oiseaux.net/oiseaux/chetopides.html
2026-05-23 17:51:02,556 | INFO | [Oiseaux.net] Family 176/256: https://www.oiseaux.net/oiseaux/eupetides.html
2026-05-23 17:51:03,364 | INFO | [Oiseaux.net] Family 177/256: https://www.oiseaux.net/oiseaux/bombycillides.html
2026-05-23 17:51:04,172 | INFO | [Oiseaux.net] Family 178/256: https://www.oiseaux.net/oiseaux/ptiliogonatides.html
2026-05-23 17:51:04,967 | INFO | [Oiseaux.net] Family 179/256: https://www.oiseaux.net/oiseaux/hypocoliides.html
2026-05-23 17:51:05,780 | INFO | [Oiseaux.net] Family 180/256: https://www.oiseaux.net/oiseaux/dulides.html
2026-05-23 17:51:06,575 | INFO | [Oiseaux.net] Family 181/256: https://www.oiseaux.net/oiseaux/mohoides.html
2026-05-23 17:51:07,374 | INFO | [Oiseaux.net] Family 182/256: https://www.oiseaux.net/oiseaux/hylocitreides.html
2026-05-23 17:51:08,214 | INFO | [Oiseaux.net] Family 183/256: https://www.oiseaux.net/oiseaux/stenostirides.html
2026-05-23 17:51:09,011 | INFO | [Oiseaux.net] Family 184/256: https://www.oiseaux.net/oiseaux/parides.html
2026-05-23 17:51:09,829 | INFO | [Oiseaux.net] Family 185/256: https://www.oiseaux.net/oiseaux/remizides.html
2026-05-23 17:51:10,628 | INFO | [Oiseaux.net] Family 186/256: https://www.oiseaux.net/oiseaux/nicatorides.html
2026-05-23 17:51:11,431 | INFO | [Oiseaux.net] Family 187/256: https://www.oiseaux.net/oiseaux/panurides.html
2026-05-23 17:51:12,244 | INFO | [Oiseaux.net] Family 188/256: https://www.oiseaux.net/oiseaux/alaudides.html
2026-05-23 17:51:13,085 | INFO | [Oiseaux.net] Family 189/256: https://www.oiseaux.net/oiseaux/pycnonotides.html
2026-05-23 17:51:13,990 | INFO | [Oiseaux.net] Family 190/256: https://www.oiseaux.net/oiseaux/hirundinides.html
2026-05-23 17:51:14,819 | INFO | [Oiseaux.net] Family 191/256: https://www.oiseaux.net/oiseaux/pnoepygides.html
2026-05-23 17:51:15,637 | INFO | [Oiseaux.net] Family 192/256: https://www.oiseaux.net/oiseaux/macrosphenides.html
2026-05-23 17:51:16,456 | INFO | [Oiseaux.net] Family 193/256: https://www.oiseaux.net/oiseaux/cettiides.html
2026-05-23 17:51:17,282 | INFO | [Oiseaux.net] Family 194/256: https://www.oiseaux.net/oiseaux/scotocercides.html
2026-05-23 17:51:18,104 | INFO | [Oiseaux.net] Family 195/256: https://www.oiseaux.net/oiseaux/erythrocercides.html
2026-05-23 17:51:18,896 | INFO | [Oiseaux.net] Family 196/256: https://www.oiseaux.net/oiseaux/hyliides.html
2026-05-23 17:51:19,713 | INFO | [Oiseaux.net] Family 197/256: https://www.oiseaux.net/oiseaux/aegithalides.html
2026-05-23 17:51:20,535 | INFO | [Oiseaux.net] Family 198/256: https://www.oiseaux.net/oiseaux/phylloscopides.html
2026-05-23 17:51:21,358 | INFO | [Oiseaux.net] Family 199/256: https://www.oiseaux.net/oiseaux/acrocephalides.html
2026-05-23 17:51:22,198 | INFO | [Oiseaux.net] Family 200/256: https://www.oiseaux.net/oiseaux/locustellides.html
2026-05-23 17:51:23,039 | INFO | [Oiseaux.net] Family 201/256: https://www.oiseaux.net/oiseaux/donacobiides.html
2026-05-23 17:51:23,881 | INFO | [Oiseaux.net] Family 202/256: https://www.oiseaux.net/oiseaux/bernierides.html
2026-05-23 17:51:24,870 | INFO | [Oiseaux.net] Family 203/256: https://www.oiseaux.net/oiseaux/cisticolides.html
2026-05-23 17:51:25,796 | INFO | [Oiseaux.net] Family 204/256: https://www.oiseaux.net/oiseaux/sylviides.html
2026-05-23 17:51:26,609 | INFO | [Oiseaux.net] Family 205/256: https://www.oiseaux.net/oiseaux/paradoxornithides.html
2026-05-23 17:51:27,442 | INFO | [Oiseaux.net] Family 206/256: https://www.oiseaux.net/oiseaux/zosteropides.html
2026-05-23 17:51:28,379 | INFO | [Oiseaux.net] Family 207/256: https://www.oiseaux.net/oiseaux/timaliides.html
2026-05-23 17:51:29,204 | INFO | [Oiseaux.net] Family 208/256: https://www.oiseaux.net/oiseaux/pellorneides.html
2026-05-23 17:51:30,052 | INFO | [Oiseaux.net] Family 209/256: https://www.oiseaux.net/oiseaux/alcippeides.html
2026-05-23 17:51:30,875 | INFO | [Oiseaux.net] Family 210/256: https://www.oiseaux.net/oiseaux/leiothrichides.html
2026-05-23 17:51:31,746 | INFO | [Oiseaux.net] Family 211/256: https://www.oiseaux.net/oiseaux/modulatricides.html
2026-05-23 17:51:32,546 | INFO | [Oiseaux.net] Family 212/256: https://www.oiseaux.net/oiseaux/promeropides.html
2026-05-23 17:51:33,366 | INFO | [Oiseaux.net] Family 213/256: https://www.oiseaux.net/oiseaux/irenides.html
2026-05-23 17:51:34,190 | INFO | [Oiseaux.net] Family 214/256: https://www.oiseaux.net/oiseaux/regulides.html
2026-05-23 17:51:35,017 | INFO | [Oiseaux.net] Family 215/256: https://www.oiseaux.net/oiseaux/elachurides.html
2026-05-23 17:51:35,841 | INFO | [Oiseaux.net] Family 216/256: https://www.oiseaux.net/oiseaux/hyliotides.html
2026-05-23 17:51:36,652 | INFO | [Oiseaux.net] Family 217/256: https://www.oiseaux.net/oiseaux/troglodytides.html
2026-05-23 17:51:37,514 | INFO | [Oiseaux.net] Family 218/256: https://www.oiseaux.net/oiseaux/polioptilides.html
2026-05-23 17:51:38,327 | INFO | [Oiseaux.net] Family 219/256: https://www.oiseaux.net/oiseaux/sittides.html
2026-05-23 17:51:39,205 | INFO | [Oiseaux.net] Family 220/256: https://www.oiseaux.net/oiseaux/tichodromides.html
2026-05-23 17:51:40,002 | INFO | [Oiseaux.net] Family 221/256: https://www.oiseaux.net/oiseaux/certhiides.html
2026-05-23 17:51:40,825 | INFO | [Oiseaux.net] Family 222/256: https://www.oiseaux.net/oiseaux/salpornithides.html
2026-05-23 17:51:41,646 | INFO | [Oiseaux.net] Family 223/256: https://www.oiseaux.net/oiseaux/mimides.html
2026-05-23 17:51:42,476 | INFO | [Oiseaux.net] Family 224/256: https://www.oiseaux.net/oiseaux/sturnides.html
2026-05-23 17:51:43,325 | INFO | [Oiseaux.net] Family 225/256: https://www.oiseaux.net/oiseaux/buphagides.html
2026-05-23 17:51:44,122 | INFO | [Oiseaux.net] Family 226/256: https://www.oiseaux.net/oiseaux/turdides.html
2026-05-23 17:51:45,040 | INFO | [Oiseaux.net] Family 227/256: https://www.oiseaux.net/oiseaux/muscicapides.html
2026-05-23 17:51:46,030 | INFO | [Oiseaux.net] Family 228/256: https://www.oiseaux.net/oiseaux/cinclides.html
2026-05-23 17:51:46,828 | INFO | [Oiseaux.net] Family 229/256: https://www.oiseaux.net/oiseaux/chloropseides.html
2026-05-23 17:51:47,650 | INFO | [Oiseaux.net] Family 230/256: https://www.oiseaux.net/oiseaux/dicaeides.html
2026-05-23 17:51:48,500 | INFO | [Oiseaux.net] Family 231/256: https://www.oiseaux.net/oiseaux/nectariniides.html
2026-05-23 17:51:49,361 | INFO | [Oiseaux.net] Family 232/256: https://www.oiseaux.net/oiseaux/passerides.html
2026-05-23 17:51:50,180 | INFO | [Oiseaux.net] Family 233/256: https://www.oiseaux.net/oiseaux/ploceides.html
2026-05-23 17:51:51,045 | INFO | [Oiseaux.net] Family 234/256: https://www.oiseaux.net/oiseaux/estrildides.html
2026-05-23 17:51:52,023 | INFO | [Oiseaux.net] Family 235/256: https://www.oiseaux.net/oiseaux/viduides.html
2026-05-23 17:51:52,828 | INFO | [Oiseaux.net] Family 236/256: https://www.oiseaux.net/oiseaux/peucedramides.html
2026-05-23 17:51:53,652 | INFO | [Oiseaux.net] Family 237/256: https://www.oiseaux.net/oiseaux/prunellides.html
2026-05-23 17:51:54,481 | INFO | [Oiseaux.net] Family 238/256: https://www.oiseaux.net/oiseaux/motacillides.html
2026-05-23 17:51:55,325 | INFO | [Oiseaux.net] Family 239/256: https://www.oiseaux.net/oiseaux/urocynchramides.html
2026-05-23 17:51:56,141 | INFO | [Oiseaux.net] Family 240/256: https://www.oiseaux.net/oiseaux/fringillides.html
2026-05-23 17:51:57,142 | INFO | [Oiseaux.net] Family 241/256: https://www.oiseaux.net/oiseaux/calcariides.html
2026-05-23 17:51:57,943 | INFO | [Oiseaux.net] Family 242/256: https://www.oiseaux.net/oiseaux/rhodinocichlides.html
2026-05-23 17:51:58,773 | INFO | [Oiseaux.net] Family 243/256: https://www.oiseaux.net/oiseaux/emberizides.html
2026-05-23 17:51:59,616 | INFO | [Oiseaux.net] Family 244/256: https://www.oiseaux.net/oiseaux/passerellides.html
2026-05-23 17:52:00,468 | INFO | [Oiseaux.net] Family 245/256: https://www.oiseaux.net/oiseaux/calyptophilides.html
2026-05-23 17:52:01,270 | INFO | [Oiseaux.net] Family 246/256: https://www.oiseaux.net/oiseaux/phaenicophilides.html
2026-05-23 17:52:02,080 | INFO | [Oiseaux.net] Family 247/256: https://www.oiseaux.net/oiseaux/nesospingides.html
2026-05-23 17:52:02,897 | INFO | [Oiseaux.net] Family 248/256: https://www.oiseaux.net/oiseaux/spindalides.html
2026-05-23 17:52:03,730 | INFO | [Oiseaux.net] Family 249/256: https://www.oiseaux.net/oiseaux/zeledoniides.html
2026-05-23 17:52:04,552 | INFO | [Oiseaux.net] Family 250/256: https://www.oiseaux.net/oiseaux/teretistrides.html
2026-05-23 17:52:05,370 | INFO | [Oiseaux.net] Family 251/256: https://www.oiseaux.net/oiseaux/icteriides.html
2026-05-23 17:52:06,193 | INFO | [Oiseaux.net] Family 252/256: https://www.oiseaux.net/oiseaux/icterides.html
2026-05-23 17:52:07,030 | INFO | [Oiseaux.net] Family 253/256: https://www.oiseaux.net/oiseaux/parulides.html
2026-05-23 17:52:07,934 | INFO | [Oiseaux.net] Family 254/256: https://www.oiseaux.net/oiseaux/mitrospingides.html
2026-05-23 17:52:08,769 | INFO | [Oiseaux.net] Family 255/256: https://www.oiseaux.net/oiseaux/cardinalides.html
2026-05-23 17:52:09,609 | INFO | [Oiseaux.net] Family 256/256: https://www.oiseaux.net/oiseaux/thraupides.html
2026-05-23 17:52:10,612 | INFO | [Oiseaux.net] Species indexed by scientific name: 6
2026-05-23 17:52:10,613 | INFO | [3/5] Oiseaux.net index size: 6
2026-05-23 17:52:10,613 | INFO | [4/5] 1/1 | Common Ostrich | Struthio camelus | avibase_id=2247CB050A76CF8E
2026-05-23 17:52:24,004 | WARNING | Error recorded | step=oiseaux_net | avibase_id=2247CB050A76CF8E | url= | message=Nom scientifique non trouvé dans l'index Oiseaux.net
2026-05-23 17:52:25,676 | INFO | Partial Excel saved to output/validation_limit1_partial.xlsx
2026-05-23 17:52:25,706 | INFO | Checkpoint saved to /home/anass/Téléchargements/capturesMiseAjour/scrap_avibase_oiseau/checkpoints/progress.json | processed=1 | completed=False
2026-05-23 17:52:25,707 | INFO | [5/5] Exporting final Excel to output/validation_limit1.xlsx
2026-05-23 17:52:27,366 | INFO | Checkpoint saved to /home/anass/Téléchargements/capturesMiseAjour/scrap_avibase_oiseau/checkpoints/progress.json | processed=1 | completed=True
2026-05-23 17:52:27,366 | INFO | Scraping completed | duration=230.52s | output=output/validation_limit1.xlsx
2026-05-23 17:52:27,370 | WARNING | Email notification skipped: missing EMAIL_USER, EMAIL_PASSWORD or EMAIL_TO.
2026-05-23 17:53:28,433 | INFO | Scraper started | output=output/validation_limit1_v2.xlsx | limit=1 | checkpoint=checkpoints/validation_progress_v2.json
2026-05-23 17:53:28,434 | INFO | [1/5] Fetching Morocco checklist...
2026-05-23 17:53:29,864 | INFO | [2/5] Species found=1 | already processed=0 | remaining=1
2026-05-23 17:53:29,865 | INFO | Checkpoint saved to checkpoints/validation_progress_v2.json | processed=0 | completed=False
2026-05-23 17:53:29,865 | INFO | [3/5] Building Oiseaux.net index...
2026-05-23 17:53:29,865 | INFO | [Oiseaux.net] Discovering family pages...
2026-05-23 17:53:30,208 | INFO | [Oiseaux.net] Family pages discovered: 256
2026-05-23 17:53:30,208 | INFO | [Oiseaux.net] Family 1/256: https://www.oiseaux.net/oiseaux/struthionides.html
2026-05-23 17:53:30,996 | INFO | [Oiseaux.net] Family 2/256: https://www.oiseaux.net/oiseaux/rheides.html
2026-05-23 17:53:31,788 | INFO | [Oiseaux.net] Family 3/256: https://www.oiseaux.net/oiseaux/apterygides.html
2026-05-23 17:53:32,595 | INFO | [Oiseaux.net] Family 4/256: https://www.oiseaux.net/oiseaux/casuariides.html
2026-05-23 17:53:33,378 | INFO | [Oiseaux.net] Family 5/256: https://www.oiseaux.net/oiseaux/tinamides.html
2026-05-23 17:53:34,201 | INFO | [Oiseaux.net] Family 6/256: https://www.oiseaux.net/oiseaux/anhimides.html
2026-05-23 17:53:34,980 | INFO | [Oiseaux.net] Family 7/256: https://www.oiseaux.net/oiseaux/anseranatides.html
2026-05-23 17:53:35,776 | INFO | [Oiseaux.net] Family 8/256: https://www.oiseaux.net/oiseaux/anatides.html
2026-05-23 17:53:36,725 | INFO | [Oiseaux.net] Family 9/256: https://www.oiseaux.net/oiseaux/megapodiides.html
2026-05-23 17:53:37,519 | INFO | [Oiseaux.net] Family 10/256: https://www.oiseaux.net/oiseaux/cracides.html
2026-05-23 17:53:38,350 | INFO | [Oiseaux.net] Family 11/256: https://www.oiseaux.net/oiseaux/numidides.html
2026-05-23 17:53:39,144 | INFO | [Oiseaux.net] Family 12/256: https://www.oiseaux.net/oiseaux/odontophorides.html
2026-05-23 17:53:39,956 | INFO | [Oiseaux.net] Family 13/256: https://www.oiseaux.net/oiseaux/phasianides.html
2026-05-23 17:53:40,897 | INFO | [Oiseaux.net] Family 14/256: https://www.oiseaux.net/oiseaux/caprimulgides.html
2026-05-23 17:53:41,716 | INFO | [Oiseaux.net] Family 15/256: https://www.oiseaux.net/oiseaux/steatornithides.html
2026-05-23 17:53:42,519 | INFO | [Oiseaux.net] Family 16/256: https://www.oiseaux.net/oiseaux/nyctibiides.html
2026-05-23 17:53:43,302 | INFO | [Oiseaux.net] Family 17/256: https://www.oiseaux.net/oiseaux/podargides.html
2026-05-23 17:53:44,102 | INFO | [Oiseaux.net] Family 18/256: https://www.oiseaux.net/oiseaux/aegothelides.html
2026-05-23 17:53:44,890 | INFO | [Oiseaux.net] Family 19/256: https://www.oiseaux.net/oiseaux/hemiprocnides.html
2026-05-23 17:53:45,672 | INFO | [Oiseaux.net] Family 20/256: https://www.oiseaux.net/oiseaux/apodides.html
2026-05-23 17:53:46,534 | INFO | [Oiseaux.net] Family 21/256: https://www.oiseaux.net/oiseaux/trochilides.html
2026-05-23 17:53:47,565 | INFO | [Oiseaux.net] Family 22/256: https://www.oiseaux.net/oiseaux/musophagides.html
2026-05-23 17:53:48,354 | INFO | [Oiseaux.net] Family 23/256: https://www.oiseaux.net/oiseaux/otidides.html
2026-05-23 17:53:49,158 | INFO | [Oiseaux.net] Family 24/256: https://www.oiseaux.net/oiseaux/cuculides.html
2026-05-23 17:53:50,027 | INFO | [Oiseaux.net] Family 25/256: https://www.oiseaux.net/oiseaux/mesitornithides.html
2026-05-23 17:53:50,804 | INFO | [Oiseaux.net] Family 26/256: https://www.oiseaux.net/oiseaux/pteroclides.html
2026-05-23 17:53:51,594 | INFO | [Oiseaux.net] Family 27/256: https://www.oiseaux.net/oiseaux/columbides.html
2026-05-23 17:53:52,595 | INFO | [Oiseaux.net] Family 28/256: https://www.oiseaux.net/oiseaux/heliornithides.html
2026-05-23 17:53:53,374 | INFO | [Oiseaux.net] Family 29/256: https://www.oiseaux.net/oiseaux/sarothrurides.html
2026-05-23 17:53:54,183 | INFO | [Oiseaux.net] Family 30/256: https://www.oiseaux.net/oiseaux/rallides.html
2026-05-23 17:53:55,060 | INFO | [Oiseaux.net] Family 31/256: https://www.oiseaux.net/oiseaux/psophiides.html
2026-05-23 17:53:55,843 | INFO | [Oiseaux.net] Family 32/256: https://www.oiseaux.net/oiseaux/gruides.html
2026-05-23 17:53:56,626 | INFO | [Oiseaux.net] Family 33/256: https://www.oiseaux.net/oiseaux/aramides.html
2026-05-23 17:53:57,408 | INFO | [Oiseaux.net] Family 34/256: https://www.oiseaux.net/oiseaux/podicipedides.html
2026-05-23 17:53:58,197 | INFO | [Oiseaux.net] Family 35/256: https://www.oiseaux.net/oiseaux/phoenicopterides.html
2026-05-23 17:53:58,984 | INFO | [Oiseaux.net] Family 36/256: https://www.oiseaux.net/oiseaux/turnicides.html
2026-05-23 17:53:59,788 | INFO | [Oiseaux.net] Family 37/256: https://www.oiseaux.net/oiseaux/burhinides.html
2026-05-23 17:54:00,577 | INFO | [Oiseaux.net] Family 38/256: https://www.oiseaux.net/oiseaux/pluvianellides.html
2026-05-23 17:54:01,379 | INFO | [Oiseaux.net] Family 39/256: https://www.oiseaux.net/oiseaux/chionides.html
2026-05-23 17:54:02,187 | INFO | [Oiseaux.net] Family 40/256: https://www.oiseaux.net/oiseaux/haematopodides.html
2026-05-23 17:54:03,005 | INFO | [Oiseaux.net] Family 41/256: https://www.oiseaux.net/oiseaux/ibidorhynchides.html
2026-05-23 17:54:03,856 | INFO | [Oiseaux.net] Family 42/256: https://www.oiseaux.net/oiseaux/recurvirostrides.html
2026-05-23 17:54:04,656 | INFO | [Oiseaux.net] Family 43/256: https://www.oiseaux.net/oiseaux/charadriides.html
2026-05-23 17:54:05,501 | INFO | [Oiseaux.net] Family 44/256: https://www.oiseaux.net/oiseaux/pluvianides.html
2026-05-23 17:54:06,294 | INFO | [Oiseaux.net] Family 45/256: https://www.oiseaux.net/oiseaux/rostratulides.html
2026-05-23 17:54:07,094 | INFO | [Oiseaux.net] Family 46/256: https://www.oiseaux.net/oiseaux/jacanides.html
2026-05-23 17:54:07,892 | INFO | [Oiseaux.net] Family 47/256: https://www.oiseaux.net/oiseaux/pedionomides.html
2026-05-23 17:54:08,701 | INFO | [Oiseaux.net] Family 48/256: https://www.oiseaux.net/oiseaux/thinocorides.html
2026-05-23 17:54:09,538 | INFO | [Oiseaux.net] Family 49/256: https://www.oiseaux.net/oiseaux/scolopacides.html
2026-05-23 17:54:10,380 | INFO | [Oiseaux.net] Family 50/256: https://www.oiseaux.net/oiseaux/dromadides.html
2026-05-23 17:54:11,159 | INFO | [Oiseaux.net] Family 51/256: https://www.oiseaux.net/oiseaux/glareolides.html
2026-05-23 17:54:11,965 | INFO | [Oiseaux.net] Family 52/256: https://www.oiseaux.net/oiseaux/larides.html
2026-05-23 17:54:12,797 | INFO | [Oiseaux.net] Family 53/256: https://www.oiseaux.net/oiseaux/stercorariides.html
2026-05-23 17:54:13,586 | INFO | [Oiseaux.net] Family 54/256: https://www.oiseaux.net/oiseaux/alcides.html
2026-05-23 17:54:14,394 | INFO | [Oiseaux.net] Family 55/256: https://www.oiseaux.net/oiseaux/rhynochetides.html
2026-05-23 17:54:15,168 | INFO | [Oiseaux.net] Family 56/256: https://www.oiseaux.net/oiseaux/eurypygides.html
2026-05-23 17:54:15,950 | INFO | [Oiseaux.net] Family 57/256: https://www.oiseaux.net/oiseaux/phaethontides.html
2026-05-23 17:54:16,743 | INFO | [Oiseaux.net] Family 58/256: https://www.oiseaux.net/oiseaux/gaviides.html
2026-05-23 17:54:17,539 | INFO | [Oiseaux.net] Family 59/256: https://www.oiseaux.net/oiseaux/spheniscides.html
2026-05-23 17:54:18,322 | INFO | [Oiseaux.net] Family 60/256: https://www.oiseaux.net/oiseaux/oceanitides.html
2026-05-23 17:54:19,107 | INFO | [Oiseaux.net] Family 61/256: https://www.oiseaux.net/oiseaux/diomedeides.html
2026-05-23 17:54:19,898 | INFO | [Oiseaux.net] Family 62/256: https://www.oiseaux.net/oiseaux/hydrobatides.html
2026-05-23 17:54:20,717 | INFO | [Oiseaux.net] Family 63/256: https://www.oiseaux.net/oiseaux/procellariides.html
2026-05-23 17:54:21,537 | INFO | [Oiseaux.net] Family 64/256: https://www.oiseaux.net/oiseaux/ciconiides.html
2026-05-23 17:54:22,339 | INFO | [Oiseaux.net] Family 65/256: https://www.oiseaux.net/oiseaux/fregatides.html
2026-05-23 17:54:23,118 | INFO | [Oiseaux.net] Family 66/256: https://www.oiseaux.net/oiseaux/sulides.html
2026-05-23 17:54:23,916 | INFO | [Oiseaux.net] Family 67/256: https://www.oiseaux.net/oiseaux/anhingides.html
2026-05-23 17:54:24,727 | INFO | [Oiseaux.net] Family 68/256: https://www.oiseaux.net/oiseaux/phalacrocoracides.html
2026-05-23 17:54:25,531 | INFO | [Oiseaux.net] Family 69/256: https://www.oiseaux.net/oiseaux/threskiornithides.html
2026-05-23 17:54:26,354 | INFO | [Oiseaux.net] Family 70/256: https://www.oiseaux.net/oiseaux/ardeides.html
2026-05-23 17:54:27,167 | INFO | [Oiseaux.net] Family 71/256: https://www.oiseaux.net/oiseaux/scopides.html
2026-05-23 17:54:27,960 | INFO | [Oiseaux.net] Family 72/256: https://www.oiseaux.net/oiseaux/balaenicipitides.html
2026-05-23 17:54:28,751 | INFO | [Oiseaux.net] Family 73/256: https://www.oiseaux.net/oiseaux/pelecanides.html
2026-05-23 17:54:29,541 | INFO | [Oiseaux.net] Family 74/256: https://www.oiseaux.net/oiseaux/opisthocomides.html
2026-05-23 17:54:30,324 | INFO | [Oiseaux.net] Family 75/256: https://www.oiseaux.net/oiseaux/cathartides.html
2026-05-23 17:54:31,117 | INFO | [Oiseaux.net] Family 76/256: https://www.oiseaux.net/oiseaux/sagittariides.html
2026-05-23 17:54:31,922 | INFO | [Oiseaux.net] Family 77/256: https://www.oiseaux.net/oiseaux/pandionides.html
2026-05-23 17:54:32,747 | INFO | [Oiseaux.net] Family 78/256: https://www.oiseaux.net/oiseaux/accipitrides.html
2026-05-23 17:54:33,741 | INFO | [Oiseaux.net] Family 79/256: https://www.oiseaux.net/oiseaux/tytonides.html
2026-05-23 17:54:34,543 | INFO | [Oiseaux.net] Family 80/256: https://www.oiseaux.net/oiseaux/strigides.html
2026-05-23 17:54:35,471 | INFO | [Oiseaux.net] Family 81/256: https://www.oiseaux.net/oiseaux/coliides.html
2026-05-23 17:54:36,259 | INFO | [Oiseaux.net] Family 82/256: https://www.oiseaux.net/oiseaux/leptosomides.html
2026-05-23 17:54:37,052 | INFO | [Oiseaux.net] Family 83/256: https://www.oiseaux.net/oiseaux/trogonides.html
2026-05-23 17:54:37,849 | INFO | [Oiseaux.net] Family 84/256: https://www.oiseaux.net/oiseaux/upupides.html
2026-05-23 17:54:38,649 | INFO | [Oiseaux.net] Family 85/256: https://www.oiseaux.net/oiseaux/phoeniculides.html
2026-05-23 17:54:39,455 | INFO | [Oiseaux.net] Family 86/256: https://www.oiseaux.net/oiseaux/bucorvides.html
2026-05-23 17:54:40,231 | INFO | [Oiseaux.net] Family 87/256: https://www.oiseaux.net/oiseaux/bucerotides.html
2026-05-23 17:54:41,057 | INFO | [Oiseaux.net] Family 88/256: https://www.oiseaux.net/oiseaux/coraciides.html
2026-05-23 17:54:41,862 | INFO | [Oiseaux.net] Family 89/256: https://www.oiseaux.net/oiseaux/brachypteraciides.html
2026-05-23 17:54:42,670 | INFO | [Oiseaux.net] Family 90/256: https://www.oiseaux.net/oiseaux/alcedinides.html
2026-05-23 17:54:43,514 | INFO | [Oiseaux.net] Family 91/256: https://www.oiseaux.net/oiseaux/todides.html
2026-05-23 17:54:44,294 | INFO | [Oiseaux.net] Family 92/256: https://www.oiseaux.net/oiseaux/momotides.html
2026-05-23 17:54:45,090 | INFO | [Oiseaux.net] Family 93/256: https://www.oiseaux.net/oiseaux/meropides.html
2026-05-23 17:54:45,897 | INFO | [Oiseaux.net] Family 94/256: https://www.oiseaux.net/oiseaux/galbulides.html
2026-05-23 17:54:46,702 | INFO | [Oiseaux.net] Family 95/256: https://www.oiseaux.net/oiseaux/bucconides.html
2026-05-23 17:54:47,510 | INFO | [Oiseaux.net] Family 96/256: https://www.oiseaux.net/oiseaux/capitonides.html
2026-05-23 17:54:48,330 | INFO | [Oiseaux.net] Family 97/256: https://www.oiseaux.net/oiseaux/semnornithides.html
2026-05-23 17:54:49,136 | INFO | [Oiseaux.net] Family 98/256: https://www.oiseaux.net/oiseaux/ramphastides.html
2026-05-23 17:54:49,959 | INFO | [Oiseaux.net] Family 99/256: https://www.oiseaux.net/oiseaux/megalaimides.html
2026-05-23 17:54:50,774 | INFO | [Oiseaux.net] Family 100/256: https://www.oiseaux.net/oiseaux/lybiides.html
2026-05-23 17:54:51,602 | INFO | [Oiseaux.net] Family 101/256: https://www.oiseaux.net/oiseaux/indicatorides.html
2026-05-23 17:54:52,673 | INFO | [Oiseaux.net] Family 102/256: https://www.oiseaux.net/oiseaux/picides.html
2026-05-23 17:54:53,614 | INFO | [Oiseaux.net] Family 103/256: https://www.oiseaux.net/oiseaux/cariamides.html
2026-05-23 17:54:54,403 | INFO | [Oiseaux.net] Family 104/256: https://www.oiseaux.net/oiseaux/falconides.html
2026-05-23 17:54:55,288 | INFO | [Oiseaux.net] Family 105/256: https://www.oiseaux.net/oiseaux/strigopides.html
2026-05-23 17:54:56,077 | INFO | [Oiseaux.net] Family 106/256: https://www.oiseaux.net/oiseaux/cacatuides.html
2026-05-23 17:54:56,873 | INFO | [Oiseaux.net] Family 107/256: https://www.oiseaux.net/oiseaux/psittacides.html
2026-05-23 17:54:57,740 | INFO | [Oiseaux.net] Family 108/256: https://www.oiseaux.net/oiseaux/psittaculides.html
2026-05-23 17:54:58,708 | INFO | [Oiseaux.net] Family 109/256: https://www.oiseaux.net/oiseaux/acanthisittides.html
2026-05-23 17:54:59,526 | INFO | [Oiseaux.net] Family 110/256: https://www.oiseaux.net/oiseaux/sapayoides.html
2026-05-23 17:55:00,339 | INFO | [Oiseaux.net] Family 111/256: https://www.oiseaux.net/oiseaux/philepittides.html
2026-05-23 17:55:01,159 | INFO | [Oiseaux.net] Family 112/256: https://www.oiseaux.net/oiseaux/eurylaimides.html
2026-05-23 17:55:01,961 | INFO | [Oiseaux.net] Family 113/256: https://www.oiseaux.net/oiseaux/calyptomenides.html
2026-05-23 17:55:02,792 | INFO | [Oiseaux.net] Family 114/256: https://www.oiseaux.net/oiseaux/pittides.html
2026-05-23 17:55:03,611 | INFO | [Oiseaux.net] Family 115/256: https://www.oiseaux.net/oiseaux/furnariides.html
2026-05-23 17:55:04,630 | INFO | [Oiseaux.net] Family 116/256: https://www.oiseaux.net/oiseaux/thamnophilides.html
2026-05-23 17:55:05,574 | INFO | [Oiseaux.net] Family 117/256: https://www.oiseaux.net/oiseaux/formicariides.html
2026-05-23 17:55:06,386 | INFO | [Oiseaux.net] Family 118/256: https://www.oiseaux.net/oiseaux/grallariides.html
2026-05-23 17:55:07,212 | INFO | [Oiseaux.net] Family 119/256: https://www.oiseaux.net/oiseaux/conopophagides.html
2026-05-23 17:55:08,042 | INFO | [Oiseaux.net] Family 120/256: https://www.oiseaux.net/oiseaux/rhinocryptides.html
2026-05-23 17:55:08,892 | INFO | [Oiseaux.net] Family 121/256: https://www.oiseaux.net/oiseaux/melanopareiides.html
2026-05-23 17:55:09,780 | INFO | [Oiseaux.net] Family 122/256: https://www.oiseaux.net/oiseaux/tyrannides.html
2026-05-23 17:55:10,879 | INFO | [Oiseaux.net] Family 123/256: https://www.oiseaux.net/oiseaux/cotingides.html
2026-05-23 17:55:11,737 | INFO | [Oiseaux.net] Family 124/256: https://www.oiseaux.net/oiseaux/piprides.html
2026-05-23 17:55:12,590 | INFO | [Oiseaux.net] Family 125/256: https://www.oiseaux.net/oiseaux/tityrides.html
2026-05-23 17:55:13,422 | INFO | [Oiseaux.net] Family 126/256: https://www.oiseaux.net/oiseaux/oxyruncides.html
2026-05-23 17:55:14,237 | INFO | [Oiseaux.net] Family 127/256: https://www.oiseaux.net/oiseaux/onychorhynchides.html
2026-05-23 17:55:15,072 | INFO | [Oiseaux.net] Family 128/256: https://www.oiseaux.net/oiseaux/menurides.html
2026-05-23 17:55:15,895 | INFO | [Oiseaux.net] Family 129/256: https://www.oiseaux.net/oiseaux/atrichornithides.html
2026-05-23 17:55:16,728 | INFO | [Oiseaux.net] Family 130/256: https://www.oiseaux.net/oiseaux/ptilonorhynchides.html
2026-05-23 17:55:17,545 | INFO | [Oiseaux.net] Family 131/256: https://www.oiseaux.net/oiseaux/climacterides.html
2026-05-23 17:55:18,350 | INFO | [Oiseaux.net] Family 132/256: https://www.oiseaux.net/oiseaux/malurides.html
2026-05-23 17:55:19,175 | INFO | [Oiseaux.net] Family 133/256: https://www.oiseaux.net/oiseaux/meliphagides.html
2026-05-23 17:55:20,134 | INFO | [Oiseaux.net] Family 134/256: https://www.oiseaux.net/oiseaux/dasyornithides.html
2026-05-23 17:55:20,939 | INFO | [Oiseaux.net] Family 135/256: https://www.oiseaux.net/oiseaux/pardalotides.html
2026-05-23 17:55:21,754 | INFO | [Oiseaux.net] Family 136/256: https://www.oiseaux.net/oiseaux/acanthizides.html
2026-05-23 17:55:22,615 | INFO | [Oiseaux.net] Family 137/256: https://www.oiseaux.net/oiseaux/pomatostomides.html
2026-05-23 17:55:23,423 | INFO | [Oiseaux.net] Family 138/256: https://www.oiseaux.net/oiseaux/orthonychides.html
2026-05-23 17:55:24,313 | INFO | [Oiseaux.net] Family 139/256: https://www.oiseaux.net/oiseaux/cnemophilides.html
2026-05-23 17:55:25,118 | INFO | [Oiseaux.net] Family 140/256: https://www.oiseaux.net/oiseaux/melanocharitides.html
2026-05-23 17:55:25,940 | INFO | [Oiseaux.net] Family 141/256: https://www.oiseaux.net/oiseaux/paramythiides.html
2026-05-23 17:55:26,749 | INFO | [Oiseaux.net] Family 142/256: https://www.oiseaux.net/oiseaux/callaeides.html
2026-05-23 17:55:27,562 | INFO | [Oiseaux.net] Family 143/256: https://www.oiseaux.net/oiseaux/notiomystides.html
2026-05-23 17:55:28,367 | INFO | [Oiseaux.net] Family 144/256: https://www.oiseaux.net/oiseaux/psophodides.html
2026-05-23 17:55:29,200 | INFO | [Oiseaux.net] Family 145/256: https://www.oiseaux.net/oiseaux/cinclosomatides.html
2026-05-23 17:55:30,001 | INFO | [Oiseaux.net] Family 146/256: https://www.oiseaux.net/oiseaux/platysteirides.html
2026-05-23 17:55:30,838 | INFO | [Oiseaux.net] Family 147/256: https://www.oiseaux.net/oiseaux/malaconotides.html
2026-05-23 17:55:31,660 | INFO | [Oiseaux.net] Family 148/256: https://www.oiseaux.net/oiseaux/macherirhynchides.html
2026-05-23 17:55:32,490 | INFO | [Oiseaux.net] Family 149/256: https://www.oiseaux.net/oiseaux/vangides.html
2026-05-23 17:55:33,342 | INFO | [Oiseaux.net] Family 150/256: https://www.oiseaux.net/oiseaux/pityriasides.html
2026-05-23 17:55:34,146 | INFO | [Oiseaux.net] Family 151/256: https://www.oiseaux.net/oiseaux/artamides.html
2026-05-23 17:55:34,951 | INFO | [Oiseaux.net] Family 152/256: https://www.oiseaux.net/oiseaux/rhagologides.html
2026-05-23 17:55:35,782 | INFO | [Oiseaux.net] Family 153/256: https://www.oiseaux.net/oiseaux/aegithinides.html
2026-05-23 17:55:36,596 | INFO | [Oiseaux.net] Family 154/256: https://www.oiseaux.net/oiseaux/campephagides.html
2026-05-23 17:55:37,445 | INFO | [Oiseaux.net] Family 155/256: https://www.oiseaux.net/oiseaux/mohouides.html
2026-05-23 17:55:38,257 | INFO | [Oiseaux.net] Family 156/256: https://www.oiseaux.net/oiseaux/neosittides.html
2026-05-23 17:55:39,067 | INFO | [Oiseaux.net] Family 157/256: https://www.oiseaux.net/oiseaux/eulacestomatides.html
2026-05-23 17:55:39,870 | INFO | [Oiseaux.net] Family 158/256: https://www.oiseaux.net/oiseaux/oreoicides.html
2026-05-23 17:55:40,689 | INFO | [Oiseaux.net] Family 159/256: https://www.oiseaux.net/oiseaux/falcunculides.html
2026-05-23 17:55:41,518 | INFO | [Oiseaux.net] Family 160/256: https://www.oiseaux.net/oiseaux/pachycephalides.html
2026-05-23 17:55:42,466 | INFO | [Oiseaux.net] Family 161/256: https://www.oiseaux.net/oiseaux/vireonides.html
2026-05-23 17:55:43,303 | INFO | [Oiseaux.net] Family 162/256: https://www.oiseaux.net/oiseaux/oriolides.html
2026-05-23 17:55:44,136 | INFO | [Oiseaux.net] Family 163/256: https://www.oiseaux.net/oiseaux/dicrurides.html
2026-05-23 17:55:44,956 | INFO | [Oiseaux.net] Family 164/256: https://www.oiseaux.net/oiseaux/rhipidurides.html
2026-05-23 17:55:45,805 | INFO | [Oiseaux.net] Family 165/256: https://www.oiseaux.net/oiseaux/monarchides.html
2026-05-23 17:55:46,652 | INFO | [Oiseaux.net] Family 166/256: https://www.oiseaux.net/oiseaux/platylophides.html
2026-05-23 17:55:47,473 | INFO | [Oiseaux.net] Family 167/256: https://www.oiseaux.net/oiseaux/laniides.html
2026-05-23 17:55:48,314 | INFO | [Oiseaux.net] Family 168/256: https://www.oiseaux.net/oiseaux/corvides.html
2026-05-23 17:55:49,259 | INFO | [Oiseaux.net] Family 169/256: https://www.oiseaux.net/oiseaux/corcoracides.html
2026-05-23 17:55:50,066 | INFO | [Oiseaux.net] Family 170/256: https://www.oiseaux.net/oiseaux/melampittides.html
2026-05-23 17:55:50,877 | INFO | [Oiseaux.net] Family 171/256: https://www.oiseaux.net/oiseaux/ifritides.html
2026-05-23 17:55:51,692 | INFO | [Oiseaux.net] Family 172/256: https://www.oiseaux.net/oiseaux/paradisaeides.html
2026-05-23 17:55:52,548 | INFO | [Oiseaux.net] Family 173/256: https://www.oiseaux.net/oiseaux/petroicides.html
2026-05-23 17:55:53,378 | INFO | [Oiseaux.net] Family 174/256: https://www.oiseaux.net/oiseaux/picathartides.html
2026-05-23 17:55:54,184 | INFO | [Oiseaux.net] Family 175/256: https://www.oiseaux.net/oiseaux/chetopides.html
2026-05-23 17:55:55,001 | INFO | [Oiseaux.net] Family 176/256: https://www.oiseaux.net/oiseaux/eupetides.html
2026-05-23 17:55:55,840 | INFO | [Oiseaux.net] Family 177/256: https://www.oiseaux.net/oiseaux/bombycillides.html
2026-05-23 17:55:56,677 | INFO | [Oiseaux.net] Family 178/256: https://www.oiseaux.net/oiseaux/ptiliogonatides.html
2026-05-23 17:55:57,501 | INFO | [Oiseaux.net] Family 179/256: https://www.oiseaux.net/oiseaux/hypocoliides.html
2026-05-23 17:55:58,314 | INFO | [Oiseaux.net] Family 180/256: https://www.oiseaux.net/oiseaux/dulides.html
2026-05-23 17:55:59,207 | INFO | [Oiseaux.net] Family 181/256: https://www.oiseaux.net/oiseaux/mohoides.html
2026-05-23 17:56:00,013 | INFO | [Oiseaux.net] Family 182/256: https://www.oiseaux.net/oiseaux/hylocitreides.html
2026-05-23 17:56:00,832 | INFO | [Oiseaux.net] Family 183/256: https://www.oiseaux.net/oiseaux/stenostirides.html
2026-05-23 17:56:01,653 | INFO | [Oiseaux.net] Family 184/256: https://www.oiseaux.net/oiseaux/parides.html
2026-05-23 17:56:02,509 | INFO | [Oiseaux.net] Family 185/256: https://www.oiseaux.net/oiseaux/remizides.html
2026-05-23 17:56:03,336 | INFO | [Oiseaux.net] Family 186/256: https://www.oiseaux.net/oiseaux/nicatorides.html
2026-05-23 17:56:04,145 | INFO | [Oiseaux.net] Family 187/256: https://www.oiseaux.net/oiseaux/panurides.html
2026-05-23 17:56:04,960 | INFO | [Oiseaux.net] Family 188/256: https://www.oiseaux.net/oiseaux/alaudides.html
2026-05-23 17:56:05,845 | INFO | [Oiseaux.net] Family 189/256: https://www.oiseaux.net/oiseaux/pycnonotides.html
2026-05-23 17:56:06,867 | INFO | [Oiseaux.net] Family 190/256: https://www.oiseaux.net/oiseaux/hirundinides.html
2026-05-23 17:56:07,717 | INFO | [Oiseaux.net] Family 191/256: https://www.oiseaux.net/oiseaux/pnoepygides.html
2026-05-23 17:56:08,524 | INFO | [Oiseaux.net] Family 192/256: https://www.oiseaux.net/oiseaux/macrosphenides.html
2026-05-23 17:56:09,394 | INFO | [Oiseaux.net] Family 193/256: https://www.oiseaux.net/oiseaux/cettiides.html
2026-05-23 17:56:10,238 | INFO | [Oiseaux.net] Family 194/256: https://www.oiseaux.net/oiseaux/scotocercides.html
2026-05-23 17:56:11,041 | INFO | [Oiseaux.net] Family 195/256: https://www.oiseaux.net/oiseaux/erythrocercides.html
2026-05-23 17:56:11,840 | INFO | [Oiseaux.net] Family 196/256: https://www.oiseaux.net/oiseaux/hyliides.html
2026-05-23 17:56:12,647 | INFO | [Oiseaux.net] Family 197/256: https://www.oiseaux.net/oiseaux/aegithalides.html
2026-05-23 17:56:13,456 | INFO | [Oiseaux.net] Family 198/256: https://www.oiseaux.net/oiseaux/phylloscopides.html
2026-05-23 17:56:14,361 | INFO | [Oiseaux.net] Family 199/256: https://www.oiseaux.net/oiseaux/acrocephalides.html
2026-05-23 17:56:15,255 | INFO | [Oiseaux.net] Family 200/256: https://www.oiseaux.net/oiseaux/locustellides.html
2026-05-23 17:56:16,097 | INFO | [Oiseaux.net] Family 201/256: https://www.oiseaux.net/oiseaux/donacobiides.html
2026-05-23 17:56:16,904 | INFO | [Oiseaux.net] Family 202/256: https://www.oiseaux.net/oiseaux/bernierides.html
2026-05-23 17:56:17,883 | INFO | [Oiseaux.net] Family 203/256: https://www.oiseaux.net/oiseaux/cisticolides.html
2026-05-23 17:56:18,813 | INFO | [Oiseaux.net] Family 204/256: https://www.oiseaux.net/oiseaux/sylviides.html
2026-05-23 17:56:19,635 | INFO | [Oiseaux.net] Family 205/256: https://www.oiseaux.net/oiseaux/paradoxornithides.html
2026-05-23 17:56:20,460 | INFO | [Oiseaux.net] Family 206/256: https://www.oiseaux.net/oiseaux/zosteropides.html
2026-05-23 17:56:21,410 | INFO | [Oiseaux.net] Family 207/256: https://www.oiseaux.net/oiseaux/timaliides.html
2026-05-23 17:56:22,269 | INFO | [Oiseaux.net] Family 208/256: https://www.oiseaux.net/oiseaux/pellorneides.html
2026-05-23 17:56:23,122 | INFO | [Oiseaux.net] Family 209/256: https://www.oiseaux.net/oiseaux/alcippeides.html
2026-05-23 17:56:23,943 | INFO | [Oiseaux.net] Family 210/256: https://www.oiseaux.net/oiseaux/leiothrichides.html
2026-05-23 17:56:24,838 | INFO | [Oiseaux.net] Family 211/256: https://www.oiseaux.net/oiseaux/modulatricides.html
2026-05-23 17:56:25,675 | INFO | [Oiseaux.net] Family 212/256: https://www.oiseaux.net/oiseaux/promeropides.html
2026-05-23 17:56:26,503 | INFO | [Oiseaux.net] Family 213/256: https://www.oiseaux.net/oiseaux/irenides.html
2026-05-23 17:56:27,320 | INFO | [Oiseaux.net] Family 214/256: https://www.oiseaux.net/oiseaux/regulides.html
2026-05-23 17:56:28,151 | INFO | [Oiseaux.net] Family 215/256: https://www.oiseaux.net/oiseaux/elachurides.html
2026-05-23 17:56:29,018 | INFO | [Oiseaux.net] Family 216/256: https://www.oiseaux.net/oiseaux/hyliotides.html
2026-05-23 17:56:29,823 | INFO | [Oiseaux.net] Family 217/256: https://www.oiseaux.net/oiseaux/troglodytides.html
2026-05-23 17:56:30,744 | INFO | [Oiseaux.net] Family 218/256: https://www.oiseaux.net/oiseaux/polioptilides.html
2026-05-23 17:56:31,565 | INFO | [Oiseaux.net] Family 219/256: https://www.oiseaux.net/oiseaux/sittides.html
2026-05-23 17:56:32,402 | INFO | [Oiseaux.net] Family 220/256: https://www.oiseaux.net/oiseaux/tichodromides.html
2026-05-23 17:56:33,214 | INFO | [Oiseaux.net] Family 221/256: https://www.oiseaux.net/oiseaux/certhiides.html
2026-05-23 17:56:34,046 | INFO | [Oiseaux.net] Family 222/256: https://www.oiseaux.net/oiseaux/salpornithides.html
2026-05-23 17:56:34,876 | INFO | [Oiseaux.net] Family 223/256: https://www.oiseaux.net/oiseaux/mimides.html
2026-05-23 17:56:35,692 | INFO | [Oiseaux.net] Family 224/256: https://www.oiseaux.net/oiseaux/sturnides.html
2026-05-23 17:56:36,572 | INFO | [Oiseaux.net] Family 225/256: https://www.oiseaux.net/oiseaux/buphagides.html
2026-05-23 17:56:37,396 | INFO | [Oiseaux.net] Family 226/256: https://www.oiseaux.net/oiseaux/turdides.html
2026-05-23 17:56:38,728 | INFO | [Oiseaux.net] Family 227/256: https://www.oiseaux.net/oiseaux/muscicapides.html
2026-05-23 17:56:39,756 | INFO | [Oiseaux.net] Family 228/256: https://www.oiseaux.net/oiseaux/cinclides.html
2026-05-23 17:56:40,565 | INFO | [Oiseaux.net] Family 229/256: https://www.oiseaux.net/oiseaux/chloropseides.html
2026-05-23 17:56:41,386 | INFO | [Oiseaux.net] Family 230/256: https://www.oiseaux.net/oiseaux/dicaeides.html
2026-05-23 17:56:42,213 | INFO | [Oiseaux.net] Family 231/256: https://www.oiseaux.net/oiseaux/nectariniides.html
2026-05-23 17:56:43,107 | INFO | [Oiseaux.net] Family 232/256: https://www.oiseaux.net/oiseaux/passerides.html
2026-05-23 17:56:43,932 | INFO | [Oiseaux.net] Family 233/256: https://www.oiseaux.net/oiseaux/ploceides.html
2026-05-23 17:56:44,866 | INFO | [Oiseaux.net] Family 234/256: https://www.oiseaux.net/oiseaux/estrildides.html
2026-05-23 17:56:45,806 | INFO | [Oiseaux.net] Family 235/256: https://www.oiseaux.net/oiseaux/viduides.html
2026-05-23 17:56:46,627 | INFO | [Oiseaux.net] Family 236/256: https://www.oiseaux.net/oiseaux/peucedramides.html
2026-05-23 17:56:47,470 | INFO | [Oiseaux.net] Family 237/256: https://www.oiseaux.net/oiseaux/prunellides.html
2026-05-23 17:56:48,300 | INFO | [Oiseaux.net] Family 238/256: https://www.oiseaux.net/oiseaux/motacillides.html
2026-05-23 17:56:49,140 | INFO | [Oiseaux.net] Family 239/256: https://www.oiseaux.net/oiseaux/urocynchramides.html
2026-05-23 17:56:49,968 | INFO | [Oiseaux.net] Family 240/256: https://www.oiseaux.net/oiseaux/fringillides.html
2026-05-23 17:56:50,940 | INFO | [Oiseaux.net] Family 241/256: https://www.oiseaux.net/oiseaux/calcariides.html
2026-05-23 17:56:51,753 | INFO | [Oiseaux.net] Family 242/256: https://www.oiseaux.net/oiseaux/rhodinocichlides.html
2026-05-23 17:56:52,589 | INFO | [Oiseaux.net] Family 243/256: https://www.oiseaux.net/oiseaux/emberizides.html
2026-05-23 17:56:53,436 | INFO | [Oiseaux.net] Family 244/256: https://www.oiseaux.net/oiseaux/passerellides.html
2026-05-23 17:56:54,295 | INFO | [Oiseaux.net] Family 245/256: https://www.oiseaux.net/oiseaux/calyptophilides.html
2026-05-23 17:56:55,099 | INFO | [Oiseaux.net] Family 246/256: https://www.oiseaux.net/oiseaux/phaenicophilides.html
2026-05-23 17:56:55,910 | INFO | [Oiseaux.net] Family 247/256: https://www.oiseaux.net/oiseaux/nesospingides.html
2026-05-23 17:56:56,723 | INFO | [Oiseaux.net] Family 248/256: https://www.oiseaux.net/oiseaux/spindalides.html
2026-05-23 17:56:57,542 | INFO | [Oiseaux.net] Family 249/256: https://www.oiseaux.net/oiseaux/zeledoniides.html
2026-05-23 17:56:58,352 | INFO | [Oiseaux.net] Family 250/256: https://www.oiseaux.net/oiseaux/teretistrides.html
2026-05-23 17:56:59,173 | INFO | [Oiseaux.net] Family 251/256: https://www.oiseaux.net/oiseaux/icteriides.html
2026-05-23 17:56:59,977 | INFO | [Oiseaux.net] Family 252/256: https://www.oiseaux.net/oiseaux/icterides.html
2026-05-23 17:57:00,923 | INFO | [Oiseaux.net] Family 253/256: https://www.oiseaux.net/oiseaux/parulides.html
2026-05-23 17:57:01,789 | INFO | [Oiseaux.net] Family 254/256: https://www.oiseaux.net/oiseaux/mitrospingides.html
2026-05-23 17:57:02,594 | INFO | [Oiseaux.net] Family 255/256: https://www.oiseaux.net/oiseaux/cardinalides.html
2026-05-23 17:57:03,524 | INFO | [Oiseaux.net] Family 256/256: https://www.oiseaux.net/oiseaux/thraupides.html
2026-05-23 17:57:04,566 | INFO | [Oiseaux.net] Species indexed by scientific name: 11250
2026-05-23 17:57:04,566 | INFO | [3/5] Oiseaux.net index size: 11250
2026-05-23 17:57:04,566 | INFO | [4/5] 1/1 | Common Ostrich | Struthio camelus | avibase_id=2247CB050A76CF8E
2026-05-23 17:57:19,430 | INFO | Partial Excel saved to output/validation_limit1_v2_partial.xlsx
2026-05-23 17:57:19,462 | INFO | Checkpoint saved to checkpoints/validation_progress_v2.json | processed=1 | completed=False
2026-05-23 17:57:19,462 | INFO | [5/5] Exporting final Excel to output/validation_limit1_v2.xlsx
2026-05-23 17:57:21,220 | INFO | Checkpoint saved to checkpoints/validation_progress_v2.json | processed=1 | completed=True
2026-05-23 17:57:21,220 | INFO | Scraping completed | duration=232.75s | output=output/validation_limit1_v2.xlsx
2026-05-23 17:57:21,229 | WARNING | Email notification skipped: missing EMAIL_USER, EMAIL_PASSWORD or EMAIL_TO.
